Archive member included because of file (symbol)

src/lib.a(7alloc.o)           (--whole-archive)
src/lib.a(MSDecompress.o)     (--whole-archive)
src/lib.a(apiRSA.o)           (--whole-archive)
src/lib.a(apiSECURE.o)        (--whole-archive)
src/lib.a(apiSHA.o)           (--whole-archive)
src/lib.a(drvRIU.o)           (--whole-archive)
src/lib.a(lzmadec.o)          (--whole-archive)
src/lib.a(uart16550.o)        (--whole-archive)
src/lib.a(zlib.o)             (--whole-archive)
src/napoli/lib.a(apiBDMA.o)   (--whole-archive)
src/napoli/lib.a(arm_compile.o)
                              (--whole-archive)
src/napoli/lib.a(boot.o)      (--whole-archive)
src/napoli/lib.a(bootram.o)   (--whole-archive)
src/napoli/lib.a(bootrom.o)   (--whole-archive)
src/napoli/lib.a(bootrom_cache.o)
                              (--whole-archive)
src/napoli/lib.a(bootrom_clock.o)
                              (--whole-archive)
src/napoli/lib.a(bootrom_data_miu.o)
                              (--whole-archive)
src/napoli/lib.a(bootrom_data_str.o)
                              (--whole-archive)
src/napoli/lib.a(bootrom_miu.o)
                              (--whole-archive)
src/napoli/lib.a(bootrom_miu_str.o)
                              (--whole-archive)
src/napoli/lib.a(bootrom_miu_txdqs.o)
                              (--whole-archive)
src/napoli/lib.a(bootrom_peripheral.o)
                              (--whole-archive)
src/napoli/lib.a(bootrom_pll.o)
                              (--whole-archive)
src/napoli/lib.a(drvPadConf.o)
                              (--whole-archive)

Allocating common symbols
Common symbol       size              file

fixed_td            0x4               src/lib.a(zlib.o)
fixed_tl            0x4               src/lib.a(zlib.o)
fixed_mem           0x1090            src/lib.a(zlib.o)
fixed_bl            0x4               src/lib.a(zlib.o)
fixed_bd            0x4               src/lib.a(zlib.o)

Discarded input sections

 .text          0x00000000        0x0 src/lib.a(7alloc.o)
 .data          0x00000000        0x0 src/lib.a(7alloc.o)
 .bss           0x00000000        0x0 src/lib.a(7alloc.o)
 .text          0x00000000        0x0 src/lib.a(MSDecompress.o)
 .data          0x00000000        0x0 src/lib.a(MSDecompress.o)
 .bss           0x00000000        0x0 src/lib.a(MSDecompress.o)
 .text.uart_putc
                0x00000000       0x10 src/lib.a(MSDecompress.o)
 .rodata._sbt_version
                0x00000000       0x28 src/lib.a(MSDecompress.o)
 .text          0x00000000        0x0 src/lib.a(apiRSA.o)
 .data          0x00000000        0x0 src/lib.a(apiRSA.o)
 .bss           0x00000000        0x0 src/lib.a(apiRSA.o)
 .text._spMultSub
                0x00000000       0x3c src/lib.a(apiRSA.o)
 .text.spMultiply
                0x00000000       0x54 src/lib.a(apiRSA.o)
 .text._QhatTooBig
                0x00000000       0x48 src/lib.a(apiRSA.o)
 .text.spDivide
                0x00000000      0x204 src/lib.a(apiRSA.o)
 .text.mpSizeof
                0x00000000       0x2c src/lib.a(apiRSA.o)
 .text.mpSetEqual
                0x00000000       0x2c src/lib.a(apiRSA.o)
 .text.mpSetZero
                0x00000000       0x30 src/lib.a(apiRSA.o)
 .text.mpSetDigit
                0x00000000       0x2c src/lib.a(apiRSA.o)
 .text.mpShiftLeft
                0x00000000       0xb4 src/lib.a(apiRSA.o)
 .text.mpShiftRight
                0x00000000       0xb4 src/lib.a(apiRSA.o)
 .text.mpBitLength
                0x00000000       0x60 src/lib.a(apiRSA.o)
 .text.mpShortDiv
                0x00000000       0xa4 src/lib.a(apiRSA.o)
 .text.mpEqual  0x00000000       0x44 src/lib.a(apiRSA.o)
 .text.mpCompare
                0x00000000       0x4c src/lib.a(apiRSA.o)
 .text.mpAdd    0x00000000       0x5c src/lib.a(apiRSA.o)
 .text.mpMultiply
                0x00000000       0xe4 src/lib.a(apiRSA.o)
 .text.mpDivide
                0x00000000      0x3c4 src/lib.a(apiRSA.o)
 .text._moduloTemp
                0x00000000       0x4c src/lib.a(apiRSA.o)
 .text.mpSquare
                0x00000000      0x228 src/lib.a(apiRSA.o)
 .text.mpModExp
                0x00000000      0x1a4 src/lib.a(apiRSA.o)
 .text.mpConvFromOctets
                0x00000000       0x7c src/lib.a(apiRSA.o)
 .text.mpConvToOctets
                0x00000000       0xa4 src/lib.a(apiRSA.o)
 .text.rsa_main
                0x00000000       0xe8 src/lib.a(apiRSA.o)
 .bss.tm        0x00000000      0x400 src/lib.a(apiRSA.o)
 .bss.t1        0x00000000      0x800 src/lib.a(apiRSA.o)
 .bss.t2        0x00000000      0x800 src/lib.a(apiRSA.o)
 .bss.t3        0x00000000      0x800 src/lib.a(apiRSA.o)
 .bss.y         0x00000000      0x400 src/lib.a(apiRSA.o)
 .text          0x00000000        0x0 src/lib.a(apiSECURE.o)
 .data          0x00000000        0x0 src/lib.a(apiSECURE.o)
 .bss           0x00000000        0x0 src/lib.a(apiSECURE.o)
 .text.AuthenticationTest
                0x00000000       0xb0 src/lib.a(apiSECURE.o)
 .data.mm       0x00000000      0x100 src/lib.a(apiSECURE.o)
 .data.ss       0x00000000      0x100 src/lib.a(apiSECURE.o)
 .data.nn       0x00000000      0x100 src/lib.a(apiSECURE.o)
 .data.ee       0x00000000        0x4 src/lib.a(apiSECURE.o)
 .text          0x00000000        0x0 src/lib.a(apiSHA.o)
 .data          0x00000000        0x0 src/lib.a(apiSHA.o)
 .bss           0x00000000        0x0 src/lib.a(apiSHA.o)
 .text.memset   0x00000000       0x18 src/lib.a(apiSHA.o)
 .text.sha256_transf
                0x00000000      0x200 src/lib.a(apiSHA.o)
 .text.sha256_init
                0x00000000       0x38 src/lib.a(apiSHA.o)
 .text.sha256_update
                0x00000000       0x9c src/lib.a(apiSHA.o)
 .text.sha256_final
                0x00000000       0xc4 src/lib.a(apiSHA.o)
 .text.sha256   0x00000000       0x40 src/lib.a(apiSHA.o)
 .text.sha512_transf
                0x00000000      0x4f8 src/lib.a(apiSHA.o)
 .text.sha512_init
                0x00000000       0x38 src/lib.a(apiSHA.o)
 .text.sha512_update
                0x00000000       0x9c src/lib.a(apiSHA.o)
 .text.sha512_final
                0x00000000       0xec src/lib.a(apiSHA.o)
 .text.sha512   0x00000000       0x40 src/lib.a(apiSHA.o)
 .text.sha384_init
                0x00000000       0x38 src/lib.a(apiSHA.o)
 .text.sha384_update
                0x00000000       0x9c src/lib.a(apiSHA.o)
 .text.sha384_final
                0x00000000       0xec src/lib.a(apiSHA.o)
 .text.sha384   0x00000000       0x40 src/lib.a(apiSHA.o)
 .text.sha224_init
                0x00000000       0x38 src/lib.a(apiSHA.o)
 .text.sha224_update
                0x00000000       0x9c src/lib.a(apiSHA.o)
 .text.sha224_final
                0x00000000       0xc4 src/lib.a(apiSHA.o)
 .text.sha224   0x00000000       0x40 src/lib.a(apiSHA.o)
 .data.sha256_h0
                0x00000000       0x20 src/lib.a(apiSHA.o)
 .data.sha512_k
                0x00000000      0x280 src/lib.a(apiSHA.o)
 .data.sha384_h0
                0x00000000       0x40 src/lib.a(apiSHA.o)
 .data.sha224_h0
                0x00000000       0x20 src/lib.a(apiSHA.o)
 .data.sha512_h0
                0x00000000       0x40 src/lib.a(apiSHA.o)
 .data.sha256_k
                0x00000000      0x100 src/lib.a(apiSHA.o)
 .text          0x00000000        0x0 src/lib.a(drvRIU.o)
 .data          0x00000000        0x0 src/lib.a(drvRIU.o)
 .bss           0x00000000        0x0 src/lib.a(drvRIU.o)
 .text          0x00000000        0x0 src/lib.a(lzmadec.o)
 .data          0x00000000        0x0 src/lib.a(lzmadec.o)
 .bss           0x00000000        0x0 src/lib.a(lzmadec.o)
 .text          0x00000000        0x0 src/lib.a(uart16550.o)
 .data          0x00000000        0x0 src/lib.a(uart16550.o)
 .bss           0x00000000        0x0 src/lib.a(uart16550.o)
 .text.Uart16550TestC
                0x00000000       0x14 src/lib.a(uart16550.o)
 .text.Uart16550GetPoll
                0x00000000       0x20 src/lib.a(uart16550.o)
 .text.Uart16550Put
                0x00000000       0x2c src/lib.a(uart16550.o)
 .text          0x00000000        0x0 src/lib.a(zlib.o)
 .data          0x00000000        0x0 src/lib.a(zlib.o)
 .bss           0x00000000        0x0 src/lib.a(zlib.o)
 .text.inflate_addhistory
                0x00000000       0xfc src/lib.a(zlib.o)
 .text.inflateIncomp
                0x00000000       0x24 src/lib.a(zlib.o)
 .text.inflateSync
                0x00000000       0xf8 src/lib.a(zlib.o)
 .text.inflateInit
                0x00000000        0x8 src/lib.a(zlib.o)
 .data.zlib_version
                0x00000000        0x4 src/lib.a(zlib.o)
 .data.z_errmsg
                0x00000000       0x20 src/lib.a(zlib.o)
 .text          0x00000000        0x0 src/napoli/lib.a(apiBDMA.o)
 .data          0x00000000        0x0 src/napoli/lib.a(apiBDMA.o)
 .bss           0x00000000        0x0 src/napoli/lib.a(apiBDMA.o)
 .text          0x00000000        0x0 src/napoli/lib.a(arm_compile.o)
 .data          0x00000000        0x0 src/napoli/lib.a(arm_compile.o)
 .bss           0x00000000        0x0 src/napoli/lib.a(arm_compile.o)
 .text.__aeabi_unwind_cpp_pr0
                0x00000000        0x4 src/napoli/lib.a(arm_compile.o)
 .text.__aeabi_unwind_cpp_pr1
                0x00000000        0x4 src/napoli/lib.a(arm_compile.o)
 .data          0x00000000        0x0 src/napoli/lib.a(boot.o)
 .bss           0x00000000        0x0 src/napoli/lib.a(boot.o)
 .data          0x00000000        0x0 src/napoli/lib.a(bootram.o)
 .bss           0x00000000        0x0 src/napoli/lib.a(bootram.o)
 .data          0x00000000        0x0 src/napoli/lib.a(bootrom.o)
 .bss           0x00000000        0x0 src/napoli/lib.a(bootrom.o)
 .text          0x00000000      0x108 src/napoli/lib.a(bootrom_cache.o)
 .data          0x00000000        0x0 src/napoli/lib.a(bootrom_cache.o)
 .bss           0x00000000        0x0 src/napoli/lib.a(bootrom_cache.o)
 .data          0x00000000        0x0 src/napoli/lib.a(bootrom_clock.o)
 .bss           0x00000000        0x0 src/napoli/lib.a(bootrom_clock.o)
 .text          0x00000000        0x0 src/napoli/lib.a(bootrom_data_miu.o)
 .data          0x00000000        0x0 src/napoli/lib.a(bootrom_data_miu.o)
 .bss           0x00000000        0x0 src/napoli/lib.a(bootrom_data_miu.o)
 .text          0x00000000        0x0 src/napoli/lib.a(bootrom_data_str.o)
 .data          0x00000000        0x0 src/napoli/lib.a(bootrom_data_str.o)
 .bss           0x00000000        0x0 src/napoli/lib.a(bootrom_data_str.o)
 .data          0x00000000        0x0 src/napoli/lib.a(bootrom_miu.o)
 .bss           0x00000000        0x0 src/napoli/lib.a(bootrom_miu.o)
 .text          0x00000000      0xb84 src/napoli/lib.a(bootrom_miu_str.o)
 .data          0x00000000        0x0 src/napoli/lib.a(bootrom_miu_str.o)
 .bss           0x00000000        0x0 src/napoli/lib.a(bootrom_miu_str.o)
 .text          0x00000000        0x0 src/napoli/lib.a(bootrom_miu_txdqs.o)
 .data          0x00000000        0x0 src/napoli/lib.a(bootrom_miu_txdqs.o)
 .bss           0x00000000        0x0 src/napoli/lib.a(bootrom_miu_txdqs.o)
 .text.putn     0x00000000       0x18 src/napoli/lib.a(bootrom_miu_txdqs.o)
 .text.putk     0x00000000       0x10 src/napoli/lib.a(bootrom_miu_txdqs.o)
 .text.MHal_MIU_ReadReg8
                0x00000000       0x1c src/napoli/lib.a(bootrom_miu_txdqs.o)
 .text.MHal_MIU_WritReg8
                0x00000000       0x1c src/napoli/lib.a(bootrom_miu_txdqs.o)
 .text.MHal_MIU_ReadReg16
                0x00000000       0x10 src/napoli/lib.a(bootrom_miu_txdqs.o)
 .text.MHal_MIU_WritReg16
                0x00000000       0x10 src/napoli/lib.a(bootrom_miu_txdqs.o)
 .text.MHal_MIU_Mask_Request
                0x00000000       0x58 src/napoli/lib.a(bootrom_miu_txdqs.o)
 .text.MHal_MIU_Unmask_Request
                0x00000000       0x58 src/napoli/lib.a(bootrom_miu_txdqs.o)
 .text.MHal_MIU_Bist
                0x00000000       0x8c src/napoli/lib.a(bootrom_miu_txdqs.o)
 .text.MHal_MIU_Set_TxDqs
                0x00000000       0x54 src/napoli/lib.a(bootrom_miu_txdqs.o)
 .text.MHal_MIU_Set_Region
                0x00000000       0x50 src/napoli/lib.a(bootrom_miu_txdqs.o)
 .text.MHal_MIU_Trans_DqsTbl
                0x00000000       0x44 src/napoli/lib.a(bootrom_miu_txdqs.o)
 .text.MHal_MIU_Get_MedianTbl
                0x00000000       0x5c src/napoli/lib.a(bootrom_miu_txdqs.o)
 .text.MHal_MIU_Get_RegionTbl
                0x00000000       0x50 src/napoli/lib.a(bootrom_miu_txdqs.o)
 .text.MHal_MIU_Get_FinalDqsTbl
                0x00000000       0x50 src/napoli/lib.a(bootrom_miu_txdqs.o)
 .text.MHal_MIU_Set_Region_Dqs
                0x00000000      0x184 src/napoli/lib.a(bootrom_miu_txdqs.o)
 .text.BootRom_MiuTxAutoDqs
                0x00000000      0x120 src/napoli/lib.a(bootrom_miu_txdqs.o)
 .data          0x00000000        0x0 src/napoli/lib.a(bootrom_peripheral.o)
 .bss           0x00000000        0x0 src/napoli/lib.a(bootrom_peripheral.o)
 .data          0x00000000        0x0 src/napoli/lib.a(bootrom_pll.o)
 .bss           0x00000000        0x0 src/napoli/lib.a(bootrom_pll.o)
 .text          0x00000000        0x0 src/napoli/lib.a(drvPadConf.o)
 .data          0x00000000        0x0 src/napoli/lib.a(drvPadConf.o)
 .bss           0x00000000        0x0 src/napoli/lib.a(drvPadConf.o)

Memory Configuration

Name             Origin             Length             Attributes
boot             0x00000000         0x00002000
rom              0x00002000         0x00004800
ram              0x20000000         0x00020000
*default*        0x00000000         0xffffffff

Linker script and memory map


.text1          0x00000000      0xc40
                0x00000000                _ld_boot_start = ABSOLUTE (.)
 *boot.o(SORT(.text*))
 .text          0x00000000      0xc34 src/napoli/lib.a(boot.o)
                0x00000000                _vector
                0x00000020                Boot_Entry
                0x00000c40                . = ALIGN (0x10)
 *fill*         0x00000c34        0xc 00
                0x00000c40                _ld_boot_end = ABSOLUTE (.)
                0x00000c40                _ld_boot_size = (_ld_boot_end - _ld_boot_start)

.text2          0x00002000     0x23c0
                0x00002000                _ld_bootrom_start = ABSOLUTE (.)
 *drvRIU.o(SORT(.text*))
 .text.drvRIU_WriteRegTb
                0x00002000      0x12c src/lib.a(drvRIU.o)
                0x00002000                MDrv_WriteRegTbl32
                0x00002078                MDrv_WriteRegMaskTbl
 *bootrom.o(SORT(.text*))
 .text          0x0000212c      0x290 src/napoli/lib.a(bootrom.o)
                0x00002154                BootRom_Entry
                0x000022f8                BootRom_WriteUartCharactor
                0x00002314                BootRom_WriteUartString
 *bootrom_pll.o(SORT(.text*))
 .text          0x000023bc      0x780 src/napoli/lib.a(bootrom_pll.o)
                0x000023bc                BootRom_InitPll
 *bootrom_clock.o(SORT(.text*))
 .text          0x00002b3c      0x500 src/napoli/lib.a(bootrom_clock.o)
                0x00002b3c                BootRom_InitClock
                0x00002e58                BootRom_SetClockRatio
                0x00002ecc                BootRom_InitSpiFlashClock
                0x00002ef4                BootRom_ChangeSpiFlashClock
 *bootrom_peripheral.o(SORT(.text*))
 .text          0x0000303c      0x598 src/napoli/lib.a(bootrom_peripheral.o)
                0x0000303c                BootRom_InitPeripheral
                0x000031ac                BootRom_InitRiu
                0x000031c8                BootRom_InitUart
                0x000033e0                BootRom_EnableMcuAccess
                0x00003454                BootRom_InitTimer
                0x000034b8                BootRom_InitEmacTrimmingControl
 *bootrom_cache.o(SORT(.text*))
 *bootrom_miu.o(SORT(.text*))
 .text          0x000035d4      0x988 src/napoli/lib.a(bootrom_miu.o)
                0x00003640                BootRom_InitMiu
                0x00003bb0                MIU_Init_AnalogResetPatch
                0x00003dc0                MIU_Set_Group_Priority
                0x00003e24                Miu1_BistTest
                0x00003e4c                Miu0_BistTest
                0x00003e6c                Miu_BistTest
                0x00003ef4                BootRom_SetL3Clock
 *bootrom_miu_str.o(SORT(.text*))
 *bootrom_miu_txdqs.o(SORT(.text*))
 *bootrom.o(SORT(.rodata*))
 *bootrom_data_miu.o(SORT(.rodata*))
 .rodata.MIU_PreInit
                0x00003f5c       0x69 src/napoli/lib.a(bootrom_data_miu.o)
                0x00003f5c                MIU_PreInit
 .rodata.MIU_PostInit
                0x00003fc5       0x78 src/napoli/lib.a(bootrom_data_miu.o)
                0x00003fc5                MIU_PostInit
 .rodata.MIU0_DDR_Init
                0x0000403d      0x1b7 src/napoli/lib.a(bootrom_data_miu.o)
                0x0000403d                MIU0_DDR_Init
 .rodata.MIU1_DDR_Init
                0x000041f4      0x1a1 src/napoli/lib.a(bootrom_data_miu.o)
                0x000041f4                MIU1_DDR_Init
 *bootrom_data_str.o(SORT(.rodata*))
 *(SORT(.rodata.padInitTbl_PreInit))
 .rodata.padInitTbl_PreInit
                0x00004395       0x1c src/napoli/lib.a(drvPadConf.o)
                0x00004395                padInitTbl_PreInit
                0x000043c0                . = ALIGN (0x10)
 *fill*         0x000043b1        0xf 00
                0x000043c0                _ld_bootrom_end = ABSOLUTE (.)
                0x000023c0                _ld_bootrom_size = (_ld_bootrom_end - _ld_bootrom_start)

.text3          0x20000000      0xe50 load address 0x000043c0
                0x20000000                _ld_bootram_start = ABSOLUTE (.)
 *bootram.o(SORT(.text*))
 .text          0x20000000      0x85c src/napoli/lib.a(bootram.o)
                0x20000000                BOOTRAM_Entry
                0x200000b0                Bootram_SecondaryCore
 *(SORT(.rodata.padInitTbl))
 .rodata.padInitTbl
                0x2000085c      0x190 src/napoli/lib.a(drvPadConf.o)
                0x2000085c                padInitTbl
 *nandflash.o(SORT(.text*))
 *nandflash.o(SORT(.rodata*))
 *uart16550.o(SORT(.text*))
 *setSPI.o(SORT(.text*))
 *setSPI.o(SORT(.rodata*))
 *apiBDMA.o(SORT(.text*))
 .text.__BDMA_FlashCopy2MIU0
                0x200009ec       0x6c src/napoli/lib.a(apiBDMA.o)
                0x200009ec                __BDMA_FlashCopy2MIU0
 *apiBDMA.o(SORT(.rodata*))
 *MSDecompress.o(SORT(.text*))
 .text.zalloc   0x20000a58       0x24 src/lib.a(MSDecompress.o)
                0x20000a58                zalloc
 .text.zfree    0x20000a7c        0x4 src/lib.a(MSDecompress.o)
                0x20000a7c                zfree
 .text.SzFree   0x20000a80        0x8 src/lib.a(MSDecompress.o)
                0x20000a80                SzFree
 .text.SzAlloc  0x20000a88        0x8 src/lib.a(MSDecompress.o)
                0x20000a88                SzAlloc
 .text.MemoryAllocatorInit
                0x20000a90       0x2c src/lib.a(MSDecompress.o)
                0x20000a90                MemoryAllocatorInit
 .text.MsDecompress
                0x20000abc       0x90 src/lib.a(MSDecompress.o)
                0x20000abc                MsDecompress
 .text.MsDecompress7
                0x20000b4c       0xd4 src/lib.a(MSDecompress.o)
                0x20000b4c                MsDecompress7
 .text.DoMSDecompression
                0x20000c20      0x220 src/lib.a(MSDecompress.o)
                0x20000c20                DoMSDecompression
 .text.DoMSDecompression.stub
                0x20000e40       0x10 linker stubs
 *MSDecompress.o(SORT(.rodata*))
 *(SORT(.ARM.exidx*))

.glue_7         0x20000e50        0x0 load address 0x00005210
 .glue_7        0x00000000        0x0 linker stubs

.glue_7t        0x20000e50        0x0 load address 0x00005210
 .glue_7t       0x00000000        0x0 linker stubs

.vfp11_veneer   0x20000e50        0x0 load address 0x00005210
 .vfp11_veneer  0x00000000        0x0 linker stubs

.v4_bx          0x20000e50        0x0 load address 0x00005210
 .v4_bx         0x00000000        0x0 linker stubs

.text.MyAlloc   0x20000e50       0x14 load address 0x00005210
 .text.MyAlloc  0x20000e50       0x14 src/lib.a(7alloc.o)
                0x20000e50                MyAlloc

.text.MyFree    0x20000e64        0xc load address 0x00005224
 .text.MyFree   0x20000e64        0xc src/lib.a(7alloc.o)
                0x20000e64                MyFree

.text.LzmaDec_WriteRem
                0x20000e70       0xa8 load address 0x00005230
 .text.LzmaDec_WriteRem
                0x20000e70       0xa8 src/lib.a(lzmadec.o)

.text.LzmaDec_DecodeReal2
                0x20000f18      0xcac load address 0x000052d8
 .text.LzmaDec_DecodeReal2
                0x20000f18      0xcac src/lib.a(lzmadec.o)

.text.LzmaDec_TryDummy
                0x20001bc4      0x58c load address 0x00005f84
 .text.LzmaDec_TryDummy
                0x20001bc4      0x58c src/lib.a(lzmadec.o)

.text.LzmaDec_InitDicAndState
                0x20002150       0x34 load address 0x00006510
 .text.LzmaDec_InitDicAndState
                0x20002150       0x34 src/lib.a(lzmadec.o)
                0x20002150                LzmaDec_InitDicAndState

.text.LzmaDec_Init
                0x20002184       0x14 load address 0x00006544
 .text.LzmaDec_Init
                0x20002184       0x14 src/lib.a(lzmadec.o)
                0x20002184                LzmaDec_Init

.text.LzmaDec_DecodeToDic
                0x20002198      0x370 load address 0x00006558
 .text.LzmaDec_DecodeToDic
                0x20002198      0x370 src/lib.a(lzmadec.o)
                0x20002198                LzmaDec_DecodeToDic

.text.LzmaDec_FreeProbs
                0x20002508       0x24 load address 0x000068c8
 .text.LzmaDec_FreeProbs
                0x20002508       0x24 src/lib.a(lzmadec.o)
                0x20002508                LzmaDec_FreeProbs

.text.LzmaProps_Decode
                0x2000252c       0xa8 load address 0x000068ec
 .text.LzmaProps_Decode
                0x2000252c       0xa8 src/lib.a(lzmadec.o)
                0x2000252c                LzmaProps_Decode

.text.LzmaDec_AllocateProbs
                0x200025d4       0x9c load address 0x00006994
 .text.LzmaDec_AllocateProbs
                0x200025d4       0x9c src/lib.a(lzmadec.o)
                0x200025d4                LzmaDec_AllocateProbs

.text.LzmaDecode
                0x20002670       0xd0 load address 0x00006a30
 .text.LzmaDecode
                0x20002670       0xd0 src/lib.a(lzmadec.o)
                0x20002670                LzmaDecode

.text.falloc    0x20002740       0x24 load address 0x00006b00
 .text.falloc   0x20002740       0x24 src/lib.a(zlib.o)
                0x20002740                falloc

.text.ffree     0x20002764        0x4 load address 0x00006b24
 .text.ffree    0x20002764        0x4 src/lib.a(zlib.o)
                0x20002764                ffree

.text.adler32   0x20002768      0x168 load address 0x00006b28
 .text.adler32  0x20002768      0x168 src/lib.a(zlib.o)
                0x20002768                adler32

.text._memset   0x200028d0       0x18 load address 0x00006c90
 .text._memset  0x200028d0       0x18 src/lib.a(zlib.o)
                0x200028d0                _memset

.text.memcpy    0x200028e8       0x20 load address 0x00006ca8
 .text.memcpy   0x200028e8       0x20 src/lib.a(zlib.o)
                0x200028e8                memcpy

.text.inflate_packet_flush
                0x20002908       0x1c load address 0x00006cc8
 .text.inflate_packet_flush
                0x20002908       0x1c src/lib.a(zlib.o)
                0x20002908                inflate_packet_flush

.text.inflate_trees_free
                0x20002924       0x3c load address 0x00006ce4
 .text.inflate_trees_free
                0x20002924       0x3c src/lib.a(zlib.o)
                0x20002924                inflate_trees_free

.text.huft_build
                0x20002960      0x54c load address 0x00006d20
 .text.huft_build
                0x20002960      0x54c src/lib.a(zlib.o)
                0x20002960                huft_build

.text.inflate_trees_fixed
                0x20002eac      0x1fc load address 0x0000726c
 .text.inflate_trees_fixed
                0x20002eac      0x1fc src/lib.a(zlib.o)
                0x20002eac                inflate_trees_fixed

.text.inflate_trees_dynamic
                0x200030a8      0x110 load address 0x00007468
 .text.inflate_trees_dynamic
                0x200030a8      0x110 src/lib.a(zlib.o)
                0x200030a8                inflate_trees_dynamic

.text.inflate_trees_bits
                0x200031b8       0x70 load address 0x00007578
 .text.inflate_trees_bits
                0x200031b8       0x70 src/lib.a(zlib.o)
                0x200031b8                inflate_trees_bits

.text.inflate_codes_new
                0x20003228       0x50 load address 0x000075e8
 .text.inflate_codes_new
                0x20003228       0x50 src/lib.a(zlib.o)
                0x20003228                inflate_codes_new

.text.inflate_codes_free
                0x20003278       0x20 load address 0x00007638
 .text.inflate_codes_free
                0x20003278       0x20 src/lib.a(zlib.o)
                0x20003278                inflate_codes_free

.text.inflate_blocks_reset
                0x20003298       0xb4 load address 0x00007658
 .text.inflate_blocks_reset
                0x20003298       0xb4 src/lib.a(zlib.o)
                0x20003298                inflate_blocks_reset

.text.inflate_blocks_free
                0x2000334c       0x44 load address 0x0000770c
 .text.inflate_blocks_free
                0x2000334c       0x44 src/lib.a(zlib.o)
                0x2000334c                inflate_blocks_free

.text.inflateEnd
                0x20003390       0x64 load address 0x00007750
 .text.inflateEnd
                0x20003390       0x64 src/lib.a(zlib.o)
                0x20003390                inflateEnd

.text.inflate_blocks_new
                0x200033f4       0x98 load address 0x000077b4
 .text.inflate_blocks_new
                0x200033f4       0x98 src/lib.a(zlib.o)
                0x200033f4                inflate_blocks_new

.text.inflateReset
                0x2000348c       0x58 load address 0x0000784c
 .text.inflateReset
                0x2000348c       0x58 src/lib.a(zlib.o)
                0x2000348c                inflateReset

.text.inflateInit2
                0x200034e4       0xd0 load address 0x000078a4
 .text.inflateInit2
                0x200034e4       0xd0 src/lib.a(zlib.o)
                0x200034e4                inflateInit2

.text.inflate_flush
                0x200035b4      0x13c load address 0x00007974
 .text.inflate_flush
                0x200035b4      0x13c src/lib.a(zlib.o)
                0x200035b4                inflate_flush

.text.inflate_fast
                0x200036f0      0x36c load address 0x00007ab0
 .text.inflate_fast
                0x200036f0      0x36c src/lib.a(zlib.o)
                0x200036f0                inflate_fast

.text.inflate_codes
                0x20003a5c      0x7a4 load address 0x00007e1c
 .text.inflate_codes
                0x20003a5c      0x7a4 src/lib.a(zlib.o)
                0x20003a5c                inflate_codes

.text.inflate_blocks
                0x20004200      0xb80 load address 0x000085c0
 .text.inflate_blocks
                0x20004200      0xb80 src/lib.a(zlib.o)
                0x20004200                inflate_blocks

.text.inflate   0x20004d80      0x3a8 load address 0x00009140
 .text.inflate  0x20004d80      0x3a8 src/lib.a(zlib.o)
                0x20004d80                inflate

.text.__aeabi_uidiv
                0x20005128        0x4 load address 0x000094e8
 .text.__aeabi_uidiv
                0x20005128        0x4 src/napoli/lib.a(arm_compile.o)
                0x20005128                __aeabi_uidiv

.text.__aeabi_uidivmod
                0x2000512c        0x4 load address 0x000094ec
 .text.__aeabi_uidivmod
                0x2000512c        0x4 src/napoli/lib.a(arm_compile.o)
                0x2000512c                __aeabi_uidivmod

.rodata.cpdext  0x20005130       0x78 load address 0x000094f0
 .rodata.cpdext
                0x20005130       0x78 src/lib.a(zlib.o)
                0x20005130                cpdext

.rodata.cplext  0x200051a8       0x7c load address 0x00009568
 .rodata.cplext
                0x200051a8       0x7c src/lib.a(zlib.o)
                0x200051a8                cplext

.rodata.inflate_mask
                0x20005224       0x44 load address 0x000095e4
 .rodata.inflate_mask
                0x20005224       0x44 src/lib.a(zlib.o)
                0x20005224                inflate_mask

.rodata.str1.1  0x20005268      0x1f3 load address 0x00009628
 .rodata.str1.1
                0x20005268      0x1f3 src/lib.a(zlib.o)
                                0x1f4 (size before relaxing)

.rodata.cpdist  0x2000545c       0x78 load address 0x0000981c
 .rodata.cpdist
                0x2000545c       0x78 src/lib.a(zlib.o)
                0x2000545c                cpdist

.rodata.cplens  0x200054d4       0x7c load address 0x00009894
 .rodata.cplens
                0x200054d4       0x7c src/lib.a(zlib.o)
                0x200054d4                cplens

.rodata.border  0x20005550       0x4c load address 0x00009910
 .rodata.border
                0x20005550       0x4c src/lib.a(zlib.o)
                0x20005550                border

.data           0x2000559c       0x14 load address 0x0000995c
                0x200055a0                . = ALIGN (0x10)
 *fill*         0x2000559c        0x4 00
                0x200055a0                _ld_bootdata_start = ABSOLUTE (.)
 *(SORT(.data*))
 .data.g_Alloc  0x200055a0        0x8 src/lib.a(MSDecompress.o)
                0x200055a0                g_Alloc
 .data.fixed_left
                0x200055a8        0x4 src/lib.a(zlib.o)
                0x200055a8                fixed_left
                0x200055b0                . = ALIGN (0x10)
 *fill*         0x200055ac        0x4 00
                0x200055b0                _ld_bootdata_end = ABSOLUTE (.)
                0x200055b0                _ld_bootram_end = ABSOLUTE (.)
                0x000055b0                _ld_bootram_size = (_ld_bootram_end - _ld_bootram_start)

.bss            0x200055b0     0x19c0 load address 0x00009970
                0x200055b0                . = ALIGN (0x10)
                0x200055b0                _ld_bootbss_start = ABSOLUTE (.)
 *(SORT(.bss*))
 .bss.pEndofDecompressionBuf
                0x200055b0        0x4 src/lib.a(MSDecompress.o)
                0x200055b0                pEndofDecompressionBuf
 .bss.pDecompressionBuf
                0x200055b4        0x4 src/lib.a(MSDecompress.o)
                0x200055b4                pDecompressionBuf
 .bss.pCurrentBufPtr
                0x200055b8        0x4 src/lib.a(MSDecompress.o)
                0x200055b8                pCurrentBufPtr
 .bss.fixed_built
                0x200055bc        0x4 src/lib.a(zlib.o)
                0x200055bc                fixed_built
 .bss.fixed_lock
                0x200055c0        0x4 src/lib.a(zlib.o)
                0x200055c0                fixed_lock
 .bss.v.4680    0x200055c4      0x480 src/lib.a(zlib.o)
 .bss.c.4769    0x20005a44      0x480 src/lib.a(zlib.o)
                0x20005ed0                . = ALIGN (0x10)
 *fill*         0x20005ec4        0xc 00
                0x20005ed0                _ld_bootbss_end = ABSOLUTE (.)
 COMMON         0x20005ed0     0x10a0 src/lib.a(zlib.o)
                0x20005ed0                fixed_td
                0x20005ed4                fixed_tl
                0x20005ed8                fixed_mem
                0x20006f68                fixed_bl
                0x20006f6c                fixed_bd

/DISCARD/
 *(SORT(.reginfo))

.padding        0x20006f70        0x4 load address 0x0000fffc
                0x20006f70        0x4 LONG 0x0
START GROUP
LOAD src/lib.a
LOAD src/napoli/lib.a
LOAD src/built-in.o
LOAD src/napoli/built-in.o
END GROUP
OUTPUT(out/sboot.elf elf32-littlearm)

.comment        0x00000000       0x2a
 .comment       0x00000000       0x2a src/lib.a(7alloc.o)
                                 0x2b (size before relaxing)
 .comment       0x00000000       0x2b src/lib.a(MSDecompress.o)
 .comment       0x00000000       0x2b src/lib.a(apiRSA.o)
 .comment       0x00000000       0x2b src/lib.a(apiSECURE.o)
 .comment       0x00000000       0x2b src/lib.a(apiSHA.o)
 .comment       0x00000000       0x2b src/lib.a(lzmadec.o)
 .comment       0x00000000       0x2b src/lib.a(uart16550.o)
 .comment       0x00000000       0x2b src/lib.a(zlib.o)
 .comment       0x00000000       0x2b src/napoli/lib.a(apiBDMA.o)
 .comment       0x00000000       0x2b src/napoli/lib.a(arm_compile.o)
 .comment       0x00000000       0x2b src/napoli/lib.a(bootrom_data_miu.o)
 .comment       0x00000000       0x2b src/napoli/lib.a(bootrom_data_str.o)
 .comment       0x00000000       0x2b src/napoli/lib.a(bootrom_miu_txdqs.o)
 .comment       0x00000000       0x2b src/napoli/lib.a(drvPadConf.o)

.ARM.attributes
                0x00000000       0x2d
 .ARM.attributes
                0x00000000       0x2f src/lib.a(7alloc.o)
 .ARM.attributes
                0x0000002f       0x2f src/lib.a(MSDecompress.o)
 .ARM.attributes
                0x0000005e       0x2f src/lib.a(apiRSA.o)
 .ARM.attributes
                0x0000008d       0x2f src/lib.a(apiSECURE.o)
 .ARM.attributes
                0x000000bc       0x2f src/lib.a(apiSHA.o)
 .ARM.attributes
                0x000000eb       0x1f src/lib.a(drvRIU.o)
 .ARM.attributes
                0x0000010a       0x2f src/lib.a(lzmadec.o)
 .ARM.attributes
                0x00000139       0x2f src/lib.a(uart16550.o)
 .ARM.attributes
                0x00000168       0x2f src/lib.a(zlib.o)
 .ARM.attributes
                0x00000197       0x2f src/napoli/lib.a(apiBDMA.o)
 .ARM.attributes
                0x000001c6       0x2f src/napoli/lib.a(arm_compile.o)
 .ARM.attributes
                0x000001f5       0x1f src/napoli/lib.a(boot.o)
 .ARM.attributes
                0x00000214       0x1f src/napoli/lib.a(bootram.o)
 .ARM.attributes
                0x00000233       0x1f src/napoli/lib.a(bootrom.o)
 .ARM.attributes
                0x00000252       0x1f src/napoli/lib.a(bootrom_cache.o)
 .ARM.attributes
                0x00000271       0x1f src/napoli/lib.a(bootrom_clock.o)
 .ARM.attributes
                0x00000290       0x2f src/napoli/lib.a(bootrom_data_miu.o)
 .ARM.attributes
                0x000002bf       0x2f src/napoli/lib.a(bootrom_data_str.o)
 .ARM.attributes
                0x000002ee       0x1f src/napoli/lib.a(bootrom_miu.o)
 .ARM.attributes
                0x0000030d       0x1f src/napoli/lib.a(bootrom_miu_str.o)
 .ARM.attributes
                0x0000032c       0x2f src/napoli/lib.a(bootrom_miu_txdqs.o)
 .ARM.attributes
                0x0000035b       0x1f src/napoli/lib.a(bootrom_peripheral.o)
 .ARM.attributes
                0x0000037a       0x1f src/napoli/lib.a(bootrom_pll.o)
 .ARM.attributes
                0x00000399       0x2f src/napoli/lib.a(drvPadConf.o)
